---
http_interactions:
- request:
    method: get
    uri: https://api.sportradar.us/nfl-sim1/games/f45b4a31-b009-4039-8394-42efbc6d5532/boxscore.xml?api_key=<NFL_API_KEY>
    body:
      encoding: US-ASCII
      string: ''
    headers:
      Content-Type:
      - application/xml
      Accept:
      - application/xml
  response:
    status:
      code: 403
      message: Forbidden
    headers:
      Content-Type:
      - text/xml
      Date:
      - Thu, 29 Sep 2016 01:43:00 GMT
      Server:
      - Mashery Proxy
      X-Error-Detail-Header:
      - Not Authorized
      X-Mashery-Error-Code:
      - ERR_403_NOT_AUTHORIZED
      X-Mashery-Responder:
      - prod-j-worker-us-east-1e-123.mashery.com
      Content-Length:
      - '23'
      Connection:
      - keep-alive
    body:
      encoding: UTF-8
      string: "<h1>Not Authorized</h1>"
    http_version: 
  recorded_at: Thu, 29 Sep 2016 01:43:00 GMT
- request:
    method: get
    uri: https://api.sportradar.us/nfl-sim1/games/5a7042cb-fe7a-4838-b93f-6b8c167ec384/boxscore.xml?api_key=<NFL_API_KEY>
    body:
      encoding: US-ASCII
      string: ''
    headers:
      Content-Type:
      - application/xml
      Accept:
      - application/xml
  response:
    status:
      code: 403
      message: Forbidden
    headers:
      Content-Type:
      - text/xml
      Date:
      - Thu, 29 Sep 2016 01:43:00 GMT
      Server:
      - Mashery Proxy
      X-Error-Detail-Header:
      - Not Authorized
      X-Mashery-Error-Code:
      - ERR_403_NOT_AUTHORIZED
      X-Mashery-Responder:
      - prod-j-worker-us-east-1d-113.mashery.com
      Content-Length:
      - '23'
      Connection:
      - keep-alive
    body:
      encoding: UTF-8
      string: "<h1>Not Authorized</h1>"
    http_version: 
  recorded_at: Thu, 29 Sep 2016 01:43:00 GMT
- request:
    method: get
    uri: https://api.sportradar.us/nfl-sim1/games/7f761bb5-7963-43ea-a01b-baf4f5d50fe3/boxscore.xml?api_key=<NFL_API_KEY>
    body:
      encoding: US-ASCII
      string: ''
    headers:
      Content-Type:
      - application/xml
      Accept:
      - application/xml
  response:
    status:
      code: 403
      message: Forbidden
    headers:
      Content-Type:
      - text/xml
      Date:
      - Thu, 29 Sep 2016 01:43:01 GMT
      Server:
      - Mashery Proxy
      X-Error-Detail-Header:
      - Not Authorized
      X-Mashery-Error-Code:
      - ERR_403_NOT_AUTHORIZED
      X-Mashery-Responder:
      - prod-j-worker-us-east-1b-115.mashery.com
      Content-Length:
      - '23'
      Connection:
      - keep-alive
    body:
      encoding: UTF-8
      string: "<h1>Not Authorized</h1>"
    http_version: 
  recorded_at: Thu, 29 Sep 2016 01:43:01 GMT
recorded_with: VCR 3.0.3
